Below is a list of files excluded from this archive. These may be
auto-generated files, which will never be included. If these are recently
written files, the content may have been unavailable at the time the archive
was created. Recently written files will generally be included when the next
archive is generated.

js/js_klWwLNCXLpq121KoC68npic0IXLryD_Hv-iZBmFRCsY.js: Generated files are not included
styles/thumbnail/public/Julia Rollins in Nurses Training.jpg: Generated files are not included
styles/thumbnail/public/Slates-Wilma Slates Arpen 5x7 Titled (357x500).jpg: Generated files are not included
css/css_LS9OUalDR9-d_lCAvF3yUWjNU6yF8ZBm84jEPRvoyuQ.css: Generated files are not included
js/js_JTDFXAtCawRNkuRWSK4qZ6HCA7xWpf_P6uhkVLYVS4Q.js: Generated files are not included
styles/thumbnail/public/JeanBooherCadetNurse1a.jpg: Generated files are not included
css/css_iFM3ynFRVMChwrjaDXyPbzKkNctx4U2JzlG7og2gWbQ.css: Generated files are not included
styles/thumbnail/public/65675021853_014993.jpg: Generated files are not included
styles/thumbnail/public/besch.jpg: Generated files are not included
styles/thumbnail/public/dunklin.jpg: Generated files are not included
styles/thumbnail/public/rsz_yoder-myers.jpg: Generated files are not included
js/js_s3tVSvPwfFVQ-8E7R46KP8K7GQhTjBUu4mtCxMvHKbw.js: Generated files are not included
js/js_PGhUAdYUm2HEB-mBIZ4RceJUvD8zUWZoKISkEUf-l_M.js: Generated files are not included
styles/designkit-image-background_image/public/311dfc087c52bd4b0c8581dafb9e21f6-lg.jpg: Generated files are not included
styles/thumbnail/public/tyree-edwards.jpg: Generated files are not included
styles/thumbnail/public/EJP Last 6 Mos Trng2.jpg: Generated files are not included
styles/thumbnail/public/WaldenPatsy.JPG: Generated files are not included
styles/thumbnail/public/conaty.jpg: Generated files are not included
styles/thumbnail/public/LaRivee.jpg: Generated files are not included
js/js_b5ZwqoEaU11lmZUzzBXGhPf3gQKOlFxzHxE3w2Vv8_o.js: Generated files are not included
css/css_upByXGc8XNGZtxu4DUw04Y6Kvraps6aGs3TdkyXErBY.css: Generated files are not included
styles/thumbnail/public/douglas.JPG: Generated files are not included
styles/thumbnail/public/Jeanie%20Good%20US%20Cadet%20Nurse_0.jpg: Generated files are not included
js/js_YD9ro0PAqY25gGWrTki6TjRUG8TdokmmxjfqpNNfzVU.js: Generated files are not included
styles/thumbnail/public/lucenay.jpg: Generated files are not included
styles/thumbnail/public/tyndall_0.jpg: Generated files are not included
js/js_08pLulbDABlf0eobm7aFR2qEhAzSAQf63sNV--FdGoo.js: Generated files are not included
js/js_6DmBFK4Hf1ZqfLUdeLc4bcaPtdT3a34xOW6sG3DCPg4.js: Generated files are not included
js/js_vm6PPx-8dfNQev553c1w1sFdr8OPSzzaoRp37hlr_Ng.js: Generated files are not included
styles/thumbnail/public/Harriett100px.jpg: Generated files are not included
styles/thumbnail/public/fehlow0001.jpg: Generated files are not included
js/js_-uQx0zVjW9KSa0FRBm_IuQEDDXM8iMTcyQUPCXtCSfo.js: Generated files are not included
styles/thumbnail/public/jean-margaret-ellis-smith-2_0.jpg: Generated files are not included
styles/thumbnail/public/drakulich.jpg: Generated files are not included
styles/thumbnail/public/gerl.jpg: Generated files are not included
styles/thumbnail/public/Portteus%20WEB2.jpg: Generated files are not included
styles/thumbnail/public/default_images/pledge_pin2a_0.jpg: Generated files are not included
styles/thumbnail/public/rsz_parris_miller.jpg: Generated files are not included
js/js_h5zQ4MqpTavegjPHb8it-cA0M9nV2xtM388AVWDRtVc.js: Generated files are not included
styles/thumbnail/public/JoAnn Hawley, RN Portrait 100px.jpg: Generated files are not included
styles/thumbnail/public/Cover 17_2.jpg: Generated files are not included
styles/thumbnail/public/nara_logo.gif: Generated files are not included
css/css_ZDWl28hdmeinIcKg-HMrN6uKD0nTMld5NlXLmm5MH2U.css: Generated files are not included
styles/thumbnail/public/AAHNlogo2013.jpg: Generated files are not included
styles/thumbnail/public/rsz_rauch-adams.jpg: Generated files are not included
styles/thumbnail/public/jones-maricich1.jpg: Generated files are not included
styles/thumbnail/public/FinkeSpoonR.jpg: Generated files are not included
js/js_hEQWAseao0TdnSH5SIxT8nuAuAuf7NIaMuMA3cj17ik.js: Generated files are not included
js/js_h7Im6nP3dwMtPGih9bbx-esqthdxeBj6GcECHLbLRTs.js: Generated files are not included
styles/thumbnail/public/mcpherson0002.jpg: Generated files are not included
styles/thumbnail/public/Wynona Frances Giffen Nursing Photo-1.jpg: Generated files are not included
styles/thumbnail/public/mcraith.jpg: Generated files are not included
js/js_F76GuFVAhn8urCd2zWRTgi58RXBCS1fA1EYU1I9OfR8.js: Generated files are not included
styles/thumbnail/public/Lynn.jpg: Generated files are not included
styles/thumbnail/public/NancyRKasfeldtBlasco.jpg: Generated files are not included
js/js_WwwX68M9x5gJGdauMeCoSQxOzb1Ebju-30k5FFWQeH0.js: Generated files are not included
js/js_omXMjEiekn_kKuQM5com-YJ5GcQVtSGefvhfMB_2kKU.js: Generated files are not included
styles/designkit-image-logo/public/pledge_pin1.jpg: Generated files are not included
styles/thumbnail/public/Kathleen-Kennedy-CNC-2.jpg: Generated files are not included
css/css_DhNtMuDsXavDEgcgs7MifmGez6kOe_vPtFhjO97BkuE.css: Generated files are not included
styles/thumbnail/public/lopresto.jpg: Generated files are not included
styles/thumbnail/public/Jesperson.jpg: Generated files are not included
styles/thumbnail/public/truax0001.jpg: Generated files are not included
js/js_onbE0n0cQY6KTDQtHO_E27UBymFC-RuqypZZ6Zxez-o.js: Generated files are not included
styles/thumbnail/public/humphreys.jpg: Generated files are not included
styles/thumbnail/public/olson.jpg: Generated files are not included
styles/thumbnail/public/cicero.jpg: Generated files are not included
styles/thumbnail/public/joye_megow.jpg: Generated files are not included
js/js_7K5BEe_EqOqb3RZ5xyLP5oxnRa9yeMCEKiLbtmsz_Z8.js: Generated files are not included
js/js_OleKOf9_B3i8KMuL1Hw42y0CdgVBVJBkK2f0bnCIGKY.js: Generated files are not included
styles/thumbnail/public/rita-stormes.jpg: Generated files are not included
styles/thumbnail/public/suskind.jpg: Generated files are not included
js/js_Efi6NoqkJc37aPNc1h36R7Ge1ol0rCkI1sIxeZPEro4.js: Generated files are not included
styles/thumbnail/public/gerber0001_0.jpg: Generated files are not included
js/js_1Wr66s3cFHFv0wNuEi7jeUl6NrMxIUlMwJQ05FSKwDo.js: Generated files are not included
styles/thumbnail/public/rsz_angel-whitley.jpg: Generated files are not included
styles/thumbnail/public/mccutchan-bergh-patricia_0.JPG: Generated files are not included
js/js_4N9VX7YBDhN3o7-fJL13VyZ8YnXSKjscWoK1EXZ6UIA.js: Generated files are not included
css/css_pWuvOz-BNBlboFbb0NVlxkqtt8l06PErEV301kbTIMo.css: Generated files are not included
styles/thumbnail/public/ross-lois3_0.jpg: Generated files are not included
styles/thumbnail/public/utz0001.jpg: Generated files are not included
styles/thumbnail/public/pittsavage-portrait.jpg: Generated files are not included
styles/thumbnail/public/billingsley.JPG: Generated files are not included
css/css_EdgysiZYPSqjbQyjnkOUPJ6FXpF9klJjmCejxE_DcNA.css: Generated files are not included
js/js_UOjwUVJ0qYudYaWgbNc_KRKvNg-R8Q6qmmblF-C-es4.js: Generated files are not included
styles/thumbnail/public/mertz nurse cadet 1944.jpg: Generated files are not included
styles/thumbnail/public/merilyn-pezzuto.jpg: Generated files are not included
js/js_CC-zfeuQHcDhFtVRuKW53h30TL7j_105J32Nz8b8R38.js: Generated files are not included
styles/thumbnail/public/meharry.jpg: Generated files are not included
styles/thumbnail/public/scan0005_1.jpg: Generated files are not included
styles/thumbnail/public/backman.jpg: Generated files are not included
styles/thumbnail/public/eleanor-sargeant.jpg: Generated files are not included
js/js_ypZlxtIXc21PaSh9sA5xBuq3vaNRdOjGQtNYVqRj2x8.js: Generated files are not included
styles/thumbnail/public/68822142_130359297580.jpg: Generated files are not included
styles/thumbnail/public/dillon.jpg: Generated files are not included
js/js_kcydjMDeqGilzg0gFR29vBE7stCkTwjbYsvON9CjBwU.js: Generated files are not included
styles/thumbnail/public/braun2.jpg: Generated files are not included
styles/thumbnail/public/rsz_sciarrone-sorlete1.jpg: Generated files are not included
styles/thumbnail/public/stryker_blaser2.jpg: Generated files are not included
js/js_2CyPYbV8fIpy1q-k-uw-Grq0bMNbNXm85M9QNlS5g2s.js: Generated files are not included
js/js_ZIGETCr5H-Hobr5XzCvH2Q2MWCocWZvlEnvbHwudzt0.js: Generated files are not included
styles/thumbnail/public/nordquist1.jpeg: Generated files are not included
css/css_MJEhxiET07FRoAkaYIxS-7m_2Xm4BjDI-BYQxwTw9FA.css: Generated files are not included
js/js_eTUs-QRKEDCqjfJzFRt8-OMgd_aABgb743v7C0bz4JM.js: Generated files are not included
styles/thumbnail/public/amyotte0001.jpg: Generated files are not included
styles/thumbnail/public/melnick-zeltzer_.jpg: Generated files are not included
js/js_ycOUcjXv-ro0IicWv6zjDIZBNyyogRCT4vHj8jblTJE.js: Generated files are not included
styles/thumbnail/public/CadetMaryEPrendergastsm.jpg: Generated files are not included
js/js_pBA84pruyRf84HMoWVmhx3p9i2U50GNgAwzINa6SrbY.js: Generated files are not included
js/js_clwfHq_1nZZ5lapbF7gQFvSZY5X4GJbDAtynhIsQhEo.js: Generated files are not included
styles/thumbnail/public/Pattye%20Wegemer%20-%20Nursing%20Graduation0003.jpg: Generated files are not included
styles/thumbnail/public/etter.jpg: Generated files are not included
styles/thumbnail/public/rsz_vandock_mother_nursing_grad_2.jpg: Generated files are not included
js/js_FftVmz55gH2UShMNkU-vI9AEqKYgtTLb0n93BUcVIQI.js: Generated files are not included
js/js_cdQzYtxuS3IC4T5VJmrZPbYLxm_JAoSjXk7Yb-ghRgE.js: Generated files are not included
styles/thumbnail/public/carter.jpg: Generated files are not included
js/js_3kTTIpdFOuAbFCDQFHSNC93ilVS912EPuy4rhli2qUQ.js: Generated files are not included
js/js_fM_Bfsb1QAKszaWsv-0KJVbiwacmtbseHb1O1WZ8hs8.js: Generated files are not included
js/js_u3yGlgYw46oJFh1d5VNq-IaNbEHNRR5jwuWJfa-XMbI.js: Generated files are not included
styles/thumbnail/public/randall_0.jpg: Generated files are not included
js/js_iyCdNpX_Eeg0d05K_Ou1TAMMCC-SNALGBU6vxjfCxu4.js: Generated files are not included
styles/thumbnail/public/Bradford--Cadet%20Nurse%20Uniforms.jpg: Generated files are not included
js/js_0c5lgZbIcM4u3jvmiQV7tmd3vx4WYruAO7Tl-3lFJP4.js: Generated files are not included
styles/thumbnail/public/June%20Lois%20Bergstrom.jpg: Generated files are not included
styles/thumbnail/public/peterman_0.jpg: Generated files are not included
js/js_kF4ERkSgpxHNA8O5Uir7TrSpAgfFgks1nghn10wpKCM.js: Generated files are not included
styles/thumbnail/public/carbone0002.jpg: Generated files are not included
styles/thumbnail/public/mooers.jpg: Generated files are not included
styles/thumbnail/public/rsz_rosemarymc.jpg: Generated files are not included
css/css_xE-rWrJf-fncB6ztZfd2huxqgxu4WO-qwma6Xer30m4.css: Generated files are not included
styles/thumbnail/public/rsz_bencomo.jpg: Generated files are not included
styles/thumbnail/public/cook-wadsworth.jpg: Generated files are not included
js/js_Brgcp1KVi5euiCJt7Vu8Xj4eBW0S51Ka5xtZ6X4JjJU.js: Generated files are not included
styles/thumbnail/public/barnett0001.jpg: Generated files are not included
styles/thumbnail/public/harowitz0001.jpg: Generated files are not included
styles/thumbnail/public/ConnieSteed2.jpg: Generated files are not included
styles/thumbnail/public/RichardsSarahNURSE.jpg: Generated files are not included
styles/thumbnail/public/macneill.jpg: Generated files are not included
styles/thumbnail/public/verna-hill.jpg: Generated files are not included
styles/thumbnail/public/featherston.jpg: Generated files are not included
styles/thumbnail/public/rsz_vivianharpercofield2.jpg: Generated files are not included
styles/thumbnail/public/sarah-hardic.jpg: Generated files are not included
styles/thumbnail/public/UNCW%20picture%203a.jpg: Generated files are not included
styles/thumbnail/public/rmcoverx7.jpg: Generated files are not included
css/css_ttFsPgrvomRbrbtSjx6qKOsHX3Y7YkbjBzPanPJJryE.css: Generated files are not included
js/js_Smd0JaUKI3tbgODTxMIrM3bHUwqI2zXtHL_KIYvhZsU.js: Generated files are not included
styles/thumbnail/public/194_%20HME%20Cadet%20Nurse%20-%20Marquette.jpg: Generated files are not included
styles/thumbnail/public/scrapbook/photos/Szecsy22949 015r-uscnc.jpg: Generated files are not included
styles/thumbnail/public/rsz_helen_woolley_nurse.jpg: Generated files are not included
styles/thumbnail/public/Corl2.jpg: Generated files are not included
styles/thumbnail/public/milne-dorothea.jpg: Generated files are not included
styles/thumbnail/public/rsz_emerson2.jpg: Generated files are not included
styles/thumbnail/public/anna-schurko.jpg: Generated files are not included
styles/thumbnail/public/bachelder-lincoln.jpg: Generated files are not included
js/js_T9NBPXiTNhAIBg6_TclHLZ408kr_SsGa6PQP_UfTu2s.js: Generated files are not included
styles/thumbnail/public/emmons.jpg: Generated files are not included
styles/thumbnail/public/laird.jpg: Generated files are not included
styles/thumbnail/public/MaryWithers.jpg: Generated files are not included
styles/thumbnail/public/Szecsy22949 015r-uscnc.jpg: Generated files are not included
styles/thumbnail/public/kornblatt.jpg: Generated files are not included
styles/thumbnail/public/rsz_291-lois_pritt.jpg: Generated files are not included
js/js_TaNpVPMIuEj8frlsd_wl-TPbQHdfNRA8BMb_cJPhlFM.js: Generated files are not included
styles/thumbnail/public/RALC.jpg: Generated files are not included
css/css_j6OyEbsulin6g38ZXcQerTf9HKN-H7_DKwk6Ia6oMBM.css: Generated files are not included
styles/thumbnail/public/02%20Cleona%20Bart%20Cadet%20Nurse_1.jpg: Generated files are not included
styles/thumbnail/public/FB_IMG_1526265012662_edit_1709802742944-1-100px_0.jpg: Generated files are not included
js/js_FmKjztrxpBwhX-iNW9oGX59vSK-Py0SPgIoW8-I_ByM.js: Generated files are not included
js/js_wyMHZ6TSppfKJjppuQJfKKPuUNSUr8hzRoYT4y4w-r8.js: Generated files are not included
styles/thumbnail/public/viada.jpg: Generated files are not included
styles/thumbnail/public/OI1747989002_EmilySaleebanewphotoshot.jpg: Generated files are not included
styles/thumbnail/public/collier-platt.jpg: Generated files are not included
css/css_UdO8CKFJB8FCcf1E00lY7k2liqfXKF9rhPwglNK90PQ.css: Generated files are not included
styles/thumbnail/public/hofstra2.jpg: Generated files are not included
styles/thumbnail/public/van-ormer1.jpg: Generated files are not included
js/js_ZDmbVVAG7iTBhSZ4sLj6ThY0XQIApVyX6VzGZ9So-sQ.js: Generated files are not included
css/css_CL8zPWu_hASVS-BaRZkTJ4iil01UV8UgZp0ips6jnIk.css: Generated files are not included
styles/thumbnail/public/Reinaman-orig-100-Char2(2).jpg: Generated files are not included
js/js_UCeu1Jic-pTe1azbFCPECEMPwvw_rB4dWawc3_l2MTo.js: Generated files are not included
styles/thumbnail/public/knox.jpg: Generated files are not included
js/js_GbKoA7RUlvfyrMlVsSFfSixVRHnT8fCblNE-lveFmyw.js: Generated files are not included
styles/thumbnail/public/banik-syzek2.jpg: Generated files are not included
styles/thumbnail/public/karkut1a.jpg: Generated files are not included
styles/thumbnail/public/dye-skillen.jpg: Generated files are not included
styles/thumbnail/public/kehl.jpg: Generated files are not included
styles/thumbnail/public/scrapbook/photos/Marie(Booher)Lee.jpg: Generated files are not included
css/css_z1Ay7Xoo_0whKvxcErZ_Mr4XKgwjdRHK0LtQlBQgxP8.css: Generated files are not included
styles/thumbnail/public/paynter.jpg: Generated files are not included
css/css_DlbOLr_-vBADR61h5lUZt-MKSX_vdEEsj0KZWvhJNFA.css: Generated files are not included
styles/thumbnail/public/virginia%20adrig.jpg: Generated files are not included
styles/thumbnail/public/rsz_richards-mary-elizabeth.jpg: Generated files are not included
styles/thumbnail/public/pictures/picture-39-1332276464.jpg: Generated files are not included
styles/thumbnail/public/scrapbook/photos/ems_candid1(sm).jpg: Generated files are not included
.htaccess: Generated files are not included
styles/thumbnail/public/sirois-smart.JPG: Generated files are not included
js/js_RrFfuCdBXlOKX_1skzCEIwixbBGcAYwnN0UqghWh9bs.js: Generated files are not included
styles/thumbnail/public/heiliger.jpg: Generated files are not included
styles/thumbnail/public/rsz_rodgers-rice.jpg: Generated files are not included
styles/thumbnail/public/bretz-shuck2.jpg: Generated files are not included
styles/thumbnail/public/wells.jpg: Generated files are not included
styles/thumbnail/public/callahan0001.jpg: Generated files are not included
styles/thumbnail/public/JeanBooherCadetNurse1a_0.jpg: Generated files are not included
styles/thumbnail/public/rushing0002.jpg: Generated files are not included
styles/thumbnail/public/yulo-sgro.jpeg: Generated files are not included
js/js_Z9WUImBQ-GATIHL8hkWBDtmlqXwMfWLfCDtDJ1ZoMyk.js: Generated files are not included
styles/thumbnail/public/murphy_catherine.jpg: Generated files are not included
styles/thumbnail/public/loweweb.jpg: Generated files are not included
css/css_BtoLJojLNNuqa2VXXip2l5_fQAs8E9LWfQ7XMksaRRU.css: Generated files are not included
styles/thumbnail/public/nurserunner1-284x300.png: Generated files are not included
styles/thumbnail/public/wolfe.jpg: Generated files are not included
styles/thumbnail/public/arlene-specht.jpg: Generated files are not included
styles/thumbnail/public/scrapbook/photos/CadetMaryEPrendergast(sm).jpg: Generated files are not included
styles/thumbnail/public/yeznach0001.jpg: Generated files are not included
css/css_Hex-pwCTDDfQD41aRswi2OFNCxosYgUEBnZsKNQ5BWo.css: Generated files are not included
styles/thumbnail/public/linn.hull-2.jpg: Generated files are not included
js/js_qLxkOreeeyqKU4WuX63FNdjmVHI3KBUqtCSbRDnRQQk.js: Generated files are not included
styles/thumbnail/public/Mae%20Keefer.jpg: Generated files are not included
styles/thumbnail/public/default_images/pledge_pin1_0.jpg: Generated files are not included
js/js_RTtTI6wsn5rqjo51BUfpuUf5M27UMwk_gVMuH01cPnc.js: Generated files are not included
styles/thumbnail/public/Eswine-Aunt Jenny Nursing Cadette.jpg: Generated files are not included
css/css_c3kFmwEgYmFyplffMcw8pvsDQBPa3qbI8fxk4pS7iDs.css: Generated files are not included
styles/thumbnail/public/SylviaJimenezAlmeydaUSCNCuniform.jpg: Generated files are not included
styles/thumbnail/public/beryl_wauson.jpg: Generated files are not included
js/js_FernrrzwKgZA9j2wnIknzkb5ptoGypHj1wlUih4AjAs.js: Generated files are not included
styles/thumbnail/public/wright_id.jpg: Generated files are not included
styles/thumbnail/public/dawydiak.jpg: Generated files are not included
styles/thumbnail/public/ekstrand0001.jpg: Generated files are not included
styles/thumbnail/public/scrapbook/photos/Bradford--Cadet Nurse Uniforms.jpg: Generated files are not included
js/js_49HLVToQi9JyA50VCiK5WTWDNPMudS3n_qnL7FylCP8.js: Generated files are not included
styles/thumbnail/public/0008014158-01-1_211516.jpg: Generated files are not included
styles/thumbnail/public/aauw-logo.png: Generated files are not included
js/js_ymMftPGJFr-k30lV7T5JleGyEPgvboQeNRvx_dispcU.js: Generated files are not included
js/js_zDrhTCYsC_8pVOJuGALtlm88oNEaqvyfjVoe0JtAAwI.js: Generated files are not included
js/js_ZwtHh_UtMhEyIZ7P23uU_tO_tZHXgPG1rk11b_m8s9Y.js: Generated files are not included
styles/thumbnail/public/IMG_7549-100px_0.jpg: Generated files are not included
styles/thumbnail/public/marie_creamer.jpg: Generated files are not included
js/js_fs0ZyIQhf0N5H_PL2CAVBeoeuU4-gKfRkbAO7xyGTOI.js: Generated files are not included
styles/thumbnail/public/Cadet Nurses Mom and Doll_0.jpg: Generated files are not included
styles/thumbnail/public/noerager.jpg: Generated files are not included
js/js_rb55nyEwpeC3I-kF0zgL6ldQkYKxvONdR7d59mQayes.js: Generated files are not included
styles/thumbnail/public/greenberg0001.jpg: Generated files are not included
styles/thumbnail/public/rardin.JPG: Generated files are not included
styles/thumbnail/public/Bette.jpg: Generated files are not included
styles/thumbnail/public/phariss-2020-08-01 15.05.20.jpg: Generated files are not included
styles/thumbnail/public/sah20140811.jpg: Generated files are not included
styles/thumbnail/public/silvia-janet.jpg: Generated files are not included
js/js_COyqYVT1zUmjsesp9MbmQtgtm_qe6OE1e5-Wwbmfyr4.js: Generated files are not included
js/js_SjMg46P6H3TwSfB_VD7JV0hTkL_tMyl06zOZkrj0tjk.js: Generated files are not included
styles/thumbnail/public/Schupay-EAMorrison_Sept47redux.jpg: Generated files are not included
styles/thumbnail/public/van-ormer-caroline.jpg: Generated files are not included
css/css_wR7sfVmeVGx4WENKGEO1JtZlz8zgwyQfAKsPsZ3dYcQ.css: Generated files are not included
styles/thumbnail/public/kiser2.jpg: Generated files are not included
css/css_9QUu98YEnoLbEOlSDK3a1YM1dEBkBuEoPOwkrZWVCRI.css: Generated files are not included
styles/thumbnail/public/bradshaw-risdon.jpg: Generated files are not included
css/css_jrCwPCOxMMtmfBfdQofeg6fp3RP9vgPapp5DMS8vous.css: Generated files are not included
js/js_itxZu65mypPk6d68VcWBsf0aLCQX9gbwYh3aWeyiiZs.js: Generated files are not included
styles/thumbnail/public/LillianSorensen.jpg: Generated files are not included
styles/thumbnail/public/bootergaugh-stasik-hilda.JPG: Generated files are not included
css/css_1FuaQyNpeoGilFLg6GsDTprte9QHfko-0ntzSWCraiQ.css: Generated files are not included
styles/thumbnail/public/Rose-Mary-Walker.jpg: Generated files are not included
styles/thumbnail/public/rsz_2prillerman.jpg: Generated files are not included
js/js_McoRdBY37SMHNwopRB3GNPC9melrmGLhSmnqcsrJ06U.js: Generated files are not included
styles/thumbnail/public/Cadet%2520Nurse%2520Loreen%2520Phillips%2520green%2520unifor.jpg: Generated files are not included
styles/thumbnail/public/haertsch_blanche.jpg: Generated files are not included
styles/thumbnail/public/cunnea3.jpg: Generated files are not included
js/js_SqkD1-NZuwM4IiTPNZHDOzNhhnENywau_gDSxZ__4-A.js: Generated files are not included
styles/thumbnail/public/elizabeta-stacishin.jpg: Generated files are not included
styles/thumbnail/public/rsz_waters2.jpg: Generated files are not included
styles/thumbnail/public/edit-powell-trapp.jpg: Generated files are not included
styles/thumbnail/public/gauvin3.jpg: Generated files are not included
js/js_SUGHoL0VGVvaYPWubjKN2biILV8UvoyGYwtxTM23FyA.js: Generated files are not included
styles/thumbnail/public/briggs0002.jpg: Generated files are not included
styles/thumbnail/public/dillgard0002.jpg: Generated files are not included
styles/thumbnail/public/eus_web.jpg: Generated files are not included
styles/thumbnail/public/branham.jpg: Generated files are not included
styles/thumbnail/public/oversby-freebairn_0.jpg: Generated files are not included
js/js_XDS6TX1FlYdwaJ9s44MV1BK6Gw3tFL0XRe4lXUmx_9g.js: Generated files are not included
styles/thumbnail/public/rsz_sterchi-dohm.jpg: Generated files are not included
styles/thumbnail/public/ash.jpg: Generated files are not included
css/css_Nv0ct-zkzztuah_LbaPFF8ZkdSEk-LxBtTWMm9mN_F8.css: Generated files are not included
js/js_9S6X3Tc4ijbu6DyLfrdiqJz_2PxetPzb12TtpleQr94.js: Generated files are not included
styles/thumbnail/public/RitaSwinghamer2012.jpg: Generated files are not included
styles/thumbnail/public/obit_SUMPTER_3.jpg: Generated files are not included
js/js_2SSrSFoQ7R6dhFxBpQpbFHSWHqT2YAfqF3HDlDHsbrA.js: Generated files are not included
js/js_ZatHwBTBB5XmcUxZZ9QDFwMyes4422KwQEaZ1dI6OsU.js: Generated files are not included
styles/thumbnail/public/McDonald0001.jpg: Generated files are not included
styles/thumbnail/public/ontko0004.jpg: Generated files are not included
styles/thumbnail/public/weismantel.jpg: Generated files are not included
js/js_pTA6geK2jzzMJqLhqHk0rrD9u1vN1P1J_BC-7zCbIbM.js: Generated files are not included
styles/thumbnail/public/mary-lucich1.jpg: Generated files are not included
styles/thumbnail/public/20240119-Mags photo for cadet nurse.jpg: Generated files are not included
styles/thumbnail/public/miriam-nursing grad 100px_0.jpg: Generated files are not included

If you need immediate access to the files listed here, or have questions about
the state of your files, you can contact support via your Dashboard.

